// Jest Snapshot v1, https://goo.gl/fbAQLP

exports[`renders homepage unchanged 1`] = `
<div>
  <main
    class="flex justify-center items-center h-full"
  >
    <h1>
      index
    </h1>
  </main>
</div>
`;
